C:\>
###MX Load: CRC 010000 021349 = A936D8B6
Gs boy
Saving 70474 bytes to BOY.PXE...

C:\>
###MX Load: CRC 010000 021361 = 4290FC10
Gs boy
Saving 70498 bytes to BOY.PXE...

C:\>set dbgx=1

C:\>boy

 press ' ' ([space]) to exit into picoDOS 
You have 10 seconds  9 
startCheck(): starts 1, max 50
+logInit(SYS.LOG)
---   ---
Program: sys.c,  Build: Jun  6 2018 20:11:12
System Parameters: CF2 SN 12997, PicoDOS 4.03, BIOS 4.03
Program:   Version:   Starts: 1
Started: 09-18--86 00:35:44
---   ---
+cfgDefault()_alg_alF_asD_asD_ade_afr_arS_blF_bat_bba_bcD_bcX_brA_brD_brR_biF_biH_bcX_bfN_bnD_bph_bpR_clg_clF_cde_cfr_gph_gpl_gpr_gre_grR_gsM_gto_pon_plF_pch_pcM_pvM_spg_sve_uiC_won_wlo_wlF_wca_wcs_wcf_wcy_wdX_wdu_wfM_wga_wqu
cfgRead(SYS.CFG)	| file not found
+cfgVee()
VEE: BOY.CYCLEMAX=3
16000kHz nsF:90 nsR:70 nsC:190 adj:-10 WF:0  WR:0  WC:2  SYPCR:13
+antInit()
+boyInit()
+utlLogFile(boy)_(log\boy.log)
+ctdInit()
+mpcPamDev(4)
+ctdAuton(0)_ctdPrompt()_>>=1 >>' x0D '_utlExpect(S>, 5)_tmrExp(11)
+utlExpect(S>, 5) timeout_->''_ctdBreak()_>>=1 >>' x0D '_utlExpect(S>, 5)_tmrExp(11)
+utlExpect(S>, 5) timeout_->''_>>=5 >>'stop x0D '_ctdPrompt()_>>=1 >>' x0D '_utlExpect(S>, 5)_tmrExp(11)
+utlExpect(S>, 5) timeout_->''_ctdBreak()_>>=1 >>' x0D '_utlExpect(S>, 5)_tmrExp(11)
+utlExpect(S>, 5) timeout_->''
-Err(ctd)	|0| 00:36:22 ctd: no prompt_>>=22 >>'DelayBeforeSampling=0 x0D '_>>=24 >>'datetime=09181914003623 x0D '
+utlLogFile(ctd)_(log\ctd.log)
+mpcPamDev(0)
+ngkInit()
+wspInit()
+utlLogFile(wsp)_(log\wsp.log)
boyMain(): starting with phase 0
!boyMain(): cycle 0 of 3

+antStart() 09-18--86 00:36:25_antDevice(cf2)_utlExpect(ok, 6)_tmrExp(11)
+utlExpect(ok, 6) timeout_->''_
+antRingReset()_antPrompt()_>>=1 >>' x0D '_>>=1 >>' x0D '
+antBreak()_utlNap(2)_>>=1 >>' x0D '
-Err(ant)	|0| 00:36:37 antPrompt() fail_>>=24 >>'datetime=09181914003637 x0D '_antAutoSample_aDep_aDa=0_aPe=0_aSam_aPe=0_antPrompt()_>>=1 >>' x0D '_>>=1 >>' x0D '
+antBreak()_utlNap(2)_>>=1 >>' x0D '
-Err(ant)	|1| 00:36:43 antPrompt() fail_>>=3 >>'TS x0D '
-Err(ant)	|2| 00:36:44 antSample: TS command fail_aFr=0_aDW_aPe=0_aDa=0
+deployPhase()@09-18--86 00:36:44 0.00m_aDep_aDa=0_aPe=0_aSam_aPe=0_antPrompt()_>>=1 >>' x0D '_>>=1 >>' x0D '
+antBreak()_utlNap(2)_>>=1 >>' x0D '
-Err(ant)	|3| 00:36:49 antPrompt() fail_>>=3 >>'TS x0D '
-Err(ant)	|4| 00:36:50 antSample: TS command fail_aFr=0_aDW_aPe=0_aDa=0
deployPhase() at 0.00m_utlNap(30)
mpcSleep() at 09-18--86 00:37:19
pc 22

Pin 22 [I/O OUT] = 0pc 26

Pin 26 [I/O OUT] = 0pc 37

Pin 37 [I/O OUT] = 0pc 42

Pin 42 [I/O OUT] = 0
C:\>
C:\>set
DBG0=0
SYS.QPBC=32
BOY.CYCLEMAX=3
DBG4=4
DBG3=3
DBG1=1
DBGX=1
SHUTDOWN=user quit

C:\>set dbg3=

C:\>set dbg4=

C:\>boy

 press ' ' ([space]) to exit into picoDOS 
You have 10 seconds 
startCheck(): starts 1, max 50
+logInit(SYS.LOG)
---   ---
Program: sys.c,  Build: Jun  6 2018 20:11:12
System Parameters: CF2 SN 12997, PicoDOS 4.03, BIOS 4.03
Program:   Version:   Starts: 1
Started: 09-18--86 00:40:27
---   ---
+cfgDefault()_alg_alF_asD_asD_ade_afr_arS_blF_bat_bba_bcD_bcX_brA_brD_brR_biF_biH_bcX_bfN_bnD_bph_bpR_clg_clF_cde_cfr_gph_gpl_gpr_gre_grR_gsM_gto_pon_plF_pch_pcM_pvM_spg_sve_uiC_won_wlo_wlF_wca_wcs_wcf_wcy_wdX_wdu_wfM_wga_wqu
cfgRead(SYS.CFG)	| file not found
+cfgVee()
VEE: BOY.CYCLEMAX=3
16000kHz nsF:90 nsR:70 nsC:190 adj:-10 WF:0  WR:0  WC:2  SYPCR:13
+antInit()
+boyInit()
+utlLogFile(boy)_(log\boy.log)
+ctdInit()
+mpcPamDev(4)
+ctdAuton(0)_ctdPrompt()_>>=1_utlExpect(S>, 5)_<<(1)=4_>>=5_<<(1)=8_ctdPrompt()_>>=1_utlExpect(S>, 5)_<<(1)=4_>>=22_<<(1)=25_>>=24_<<(1)=25
+utlLogFile(ctd)_(log\ctd.log)
+mpcPamDev(0)
+ngkInit()
+wspInit()
+utlLogFile(wsp)_(log\wsp.log)
boyMain(): starting with phase 0
!boyMain(): cycle 0 of 3

+antStart() 09-18--86 00:40:31_antDevice(cf2)_utlExpect(ok, 6)_tmrExp(11)
+utlExpect(ok, 6) timeout_->''_
+antRingReset()_antPrompt()_>>=1_<<(1)=15_>>=24_<<(1)=38_antAutoSample_aDep_aDa=0_aPe=0_aSam_aPe=0_antPrompt()_>>=1_<<(1)=15_>>=3_<<(1)=4_aFr=0_aDW_aPe=1_aDa=0_aPe=1_aDa=0_tmrExp(1)
-Err(ant)	|0| 00:40:40 ant: timer expired_aPe=0_aDa=0
+deployPhase()@09-18--86 00:40:40 0.00m_aDep_aDa=56_aDa=56_antRead()_<<=56_= 20.10, 24.00_aSam_aPe=0_>>=3_<<(1)=4_aPe=1_aFr=0_aDW_tmrExp(1)
-Err(ant)	|1| 00:40:41 ant: timer expired_aPe=0_aDa=0
	| 24.00m>10 so wait until not moving
_utlNap(120)_aDep_aDa=119_aDa=119_antRead()_<<=119_aPe=0_aSam_aPe=0_antPrompt()_>>=1_<<(1)=13_>>=3_<<(1)=4_aFr=0_aDW_aPe=1_aDa=0_tmrExp(1)
-Err(ant)	|2| 00:42:43 ant: timer expired_aPe=0_aDa=0_aDep_aDa=39_aDa=56_antRead()_<<=56_= 20.10, 24.00_aSam_aPe=0_>>=3_<<(1)=4_aPe=1_aFr=0_aDW_aPe=1_aDa=0_tmrExp(1)
-Err(ant)	|3| 00:42:44 ant: timer expired_aPe=0_aDa=0
	| boy.dockD = 24.00
	| go to surface, call home_utlNap(10)
!boyMain(): cycle 0 of 3

+risePhase()@09-18--86 00:42:54
+antStart() 09-18--86 00:42:54_antDevice(cf2)_utlExpect(ok, 6)_tmrExp(11)
+utlExpect(ok, 6) timeout_->''_
+antRingReset()_antPrompt()_>>=1_<<(1)=15_>>=24_<<(1)=38
+mpcPamDev(4)
	| oceanCurrChk() _ctdDepth()_cD_ctdFresh()_ctdSample()_ctdPrompt()_>>=1_utlExpect(S>, 5)_<<(1)=14_>>=6_<<(1)=7_cD_cD_cD_cD_cD_cD_cD_cD_cD_cD_cD_cD_cD_cD_cD_cD_cD_cD_cD_cD_cD_cD_cD_cD_cD_cD_cD_cD_cD_cD_cD_cD_cD_cD_cD_cD_cD_cD_cD_cD_cD_cD_cD_cD_cD_cD_cD_cD_cD_cD_cD_cD_cD_cD_cD_cD_cD_cD_cD_cD_cD_cD_cD_cD_cD_cD_cD_cD_cD_cD_cD_cD_cD_cD_cD_cD_cD_cD_cD_cD_cD_cD_cD_cD_cD_cD_cD_cD_cD_cD_cD_cD_cD_cD_cD_cD_cD_cD_cD_cD_cD_cD_cD_cD_cD_cD_cD_cD_cD_cD_cD_cD_cD_cD_cD_cD_cD_cD_cD_cD_cD_cD_cD_cD_cD_cD_cD_cD_cD_cD_cD_cD_cD_cD_cD_cD_cD_cD_cD_cD_cD_cD_cD_cD_cD_cD_cD_cD_cD_cD_cD_cD_cD_cD_cD_cD_cD_cD_cD_cD_cD_cD_cD_cD_cD_cD_cD_cD_cD_cD_cD_cD_cD_cD_cD_cD_cD_cD_cD_cD_cD_cD_cD_cD_cD_cD_cD_cD_cD_cD_cD_cD_cD_cD_cD_cD_cD_cD_cD_cD_cD_cD_cD_cD_cD_cD_cD_cD_cD_cD_cD_cD_cD_cD_cD_ctdRead()_<<=80_= %4.2_aDep_aDa=0_aPe=0_aSam_aPe=0_antPrompt()_>>=1_<<(1)=15_>>=3_<<(1)=4_aFr=0_aDW_aPe=1_aDa=0_aPe=1_aDa=0_tmrExp(1)
-Err(ant)	|4| 00:43:09 ant: timer expired_aPe=0_aDa=40_antRead()_<<=56_= 20.10, 24.00_aSam_aPe=0_>>=3_<<(1)=4_aD=24.00 cD=40.00 boy2ant=14.29
-Err()	|0| 00:43:09 oceanCurr invalid value
+rise(10.0)_aDep_aDa=0_aPe=1_aFr=0_aDW_aPe=1_aDa=0_tmrExp(1)
-Err(ant)	|5| 00:43:10 ant: timer expired_aPe=0_aDa=56_antRead()_<<=56_= 20.10, 24.00_aSam_aPe=0_>>=3_<<(1)=4
+ngkSend(#R,01,03) at 00:43:10_>>=10_<<(6)=4
rise()	| riseCmd to winch at 00:43:10_aDep_aDa=0_aPe=1_aFr=0_aDW_aPe=1_aDa=43_aDa=56_antRead()_<<=56_= 20.10, 24.00_aSam_aPe=0_>>=3_<<(1)=4_aDep_aDa=0_aPe=1_aFr=0_aDW_aPe=1_aDa=0_aPe=1_aDa=0_tmrExp(1)
-Err(ant)	|6| 00:43:12 ant: timer expired_aPe=0_aDa=56_antRead()_<<=56_= 20.10, 24.00_aSam_aPe=0_>>=3_<<(1)=4_aDep_aDa=0_aPe=1_aFr=0_aDW_aPe=1_aDa=0_tmrExp(1)
-Err(ant)	|7| 00:43:13 ant: timer expired_aPe=0_aDa=14_antRead()_<<=56_= 20.10, 24.00_aSam_aPe=0_>>=3_<<(1)=4_aDep_aDa=0_aPe=1_aFr=0_aDW_aPe=1_aDa=0_aPe=1_aDa=0_tmrExp(1)
-Err(ant)	|8| 00:43:14 ant: timer expired_aPe=0_aDa=56_antRead()_<<=56_= 20.10, 24.00_aSam_aPe=0_>>=3_<<(1)=4_aDep_aDa=0_aPe=1_aFr=0_aDW_aPe=1_aDa=0_aPe=1_aDa=0_tmrExp(1)
-Err(ant)	|9| 00:43:15 ant: timer expired_aPe=0_aDa=56_antRead()_<<=56_= 20.10, 24.00_aSam_aPe=0_>>=3_<<(1)=4_aDep_aDa=0_aPe=1_aFr=0_aDW_aPe=1_aDa=0_tmrExp(1)
-Err(ant)	|10| 00:43:16 ant: timer expired_aPe=0_aDa=20_antRead()_<<=56_= 20.10, 24.00_aSam_aPe=0_>>=3_<<(1)=4_aDep_aDa=0_aPe=1_aFr=0_aDW_aPe=1_aDa=0_aPe=1_aDa=0_tmrExp(1)
-Err(ant)	|11| 00:43:17 ant: timer expired_aPe=0_aDa=56_antRead()_<<=56_= 20.10, 23.77_aSam_aPe=0_>>=3_<<(1)=4_aDep_aDa=0_aPe=1_aFr=0_aDW_aPe=1_aDa=0_aPe=1_aDa=0_tmrExp(1)
-Err(ant)	|12| 00:43:18 ant: timer expired_aPe=0_aDa=56_antRead()_<<=56_= 20.10, 23.40_aSam_aPe=0_>>=3_<<(1)=4_aDep_aDa=0_aPe=1_aFr=0_aDW_aPe=1_aDa=0_tmrExp(1)
-Err(ant)	|13| 00:43:19 ant: timer expired_aPe=0_aDa=22_antRead()_<<=56_= 20.10, 23.04_aSam_aPe=0_>>=3_<<(1)=4_aDep_aDa=0_aPe=1_aFr=0_aDW_aPe=1_aDa=0_aPe=1_aDa=0_tmrExp(1)
-Err(ant)	|14| 00:43:20 ant: timer expired_aPe=0_aDa=56_antRead()_<<=56_= 20.10, 22.74_aSam_aPe=0_>>=3_<<(1)=4_aDep_aDa=0_aPe=1_aFr=0_aDW_aPe=1_aDa=0_tmrExp(1)
-Err(ant)	|15| 00:43:21 ant: timer expired_aPe=0_aDa=56_antRead()_<<=56_= 20.10, 22.41_aSam_aPe=0_>>=3_<<(1)=4_aDep_aDa=0_aPe=1_aFr=0_aDW_aPe=1_aDa=0_aPe=1_aDa=0_tmrExp(1)
-Err(ant)	|16| 00:43:22 ant: timer expired_aPe=0_aDa=56_antRead()_<<=56_= 20.10, 22.08_aSam_aPe=0_>>=3_<<(1)=4_<<=8
+ngkRecv(%R,02,00)_>>=4 riseRsp 00:43:22, riseRsp from winch_aDep_aDa=0_aPe=0_aSam_aPe=0_>>=3_<<(1)=41_aFr=0_aDW_aPe=1_aDa=0_aPe=1_aDa=0_aPe=1_aDa=0_aPe=1_aDa=46_aDa=56_antRead()_<<=56_= 20.10, 21.55_aSam_aPe=0_>>=3_<<(1)=4_aDep_aDa=0_aPe=1_aFr=0_aDW_aPe=1_aDa=0_aPe=1_aDa=0_aPe=1_aDa=56_aDa=56_antRead()_<<=56_= 20.10, 21.22_aSam_aPe=0_>>=3_<<(1)=4_aDep_aDa=0_aPe=1_aFr=0_aDW_aPe=1_aDa=0_aPe=1_aDa=0_aPe=1_aDa=56_aDa=56_antRead()_<<=56_= 20.10, 20.85_aSam_aPe=0_>>=3_<<(1)=4_aDep_aDa=0_aPe=1_aFr=0_aDW_aPe=1_aDa=0_aPe=1_aDa=0_aPe=1_aDa=56_aDa=56_antRead()_<<=56_= 20.10, 20.49_aSam_aPe=0_>>=3_<<(1)=4_aDep_aDa=0_aPe=1_aFr=0_aDW_aPe=1_aDa=0_aPe=1_aDa=0_tmrExp(1)
-Err(ant)	|17| 00:43:28 ant: timer expired_aPe=0_aDa=56_antRead()_<<=56_= 20.10, 20.13_aSam_aPe=0_>>=3_<<(1)=4_aDep_aDa=0_aPe=1_aFr=0_aDW_aPe=1_aDa=0_aPe=1_aDa=0_tmrExp(1)
-Err(ant)	|18| 00:43:29 ant: timer expired_aPe=0_aDa=56_antRead()_<<=56_= 20.10, 19.80_aSam_aPe=0_>>=3_<<(1)=4_aDep_aDa=0_aPe=1_aFr=0_aDW_aPe=1_aDa=0_aPe=1_aDa=0_tmrExp(1)
-Err(ant)	|19| 00:43:30 ant: timer expired_aPe=0_aDa=56_antRead()_<<=56_= 20.10, 19.43_aSam_aPe=0_>>=3_<<(1)=4_aDep_aDa=0_aPe=1_aFr=0_aDW_aPe=1_aDa=0_tmrExp(1)
-Err(ant)	|20| 00:43:31 ant: timer expired_aPe=0_aDa=21_antRead()_<<=56_= 20.10, 19.07_aSam_aPe=0_>>=3_<<(1)=4_tmrExp(2)_aDep_aDa=0_aPe=1_aFr=0_aDW_aPe=1_aDa=0_aPe=1_aDa=2_aDa=56_antRead()_<<=56_= 20.10, 18.80_aSam_aPe=0_>>=3_<<(1)=4_aDep_aDa=0_aPe=1_aFr=0_aDW_aPe=1_aDa=0_aPe=1_aDa=0_tmrExp(1)
-Err(ant)	|21| 00:43:33 ant: timer expired_aPe=0_aDa=56_antRead()_<<=56_= 20.10, 18.47_aSam_aPe=0_>>=3_<<(1)=4_aDep_aDa=0_aPe=1_aFr=0_aDW_aPe=1_aDa=0_aPe=1_aDa=0_tmrExp(1)
-Err(ant)	|22| 00:43:34 ant: timer expired_aPe=0_aDa=56_antRead()_<<=56_= 20.10, 18.14_aSam_aPe=0_>>=3_<<(1)=4_aDep_aDa=0_aPe=1_aFr=0_aDW_aPe=1_aDa=0_tmrExp(1)
-Err(ant)	|23| 00:43:35 ant: timer expired_aPe=0_aDa=56_antRead()_<<=56_= 20.10, 17.78_aSam_aPe=0_>>=3_<<(1)=4_aDep_aDa=0_aPe=1_aFr=0_aDW_aPe=1_aDa=0_aPe=1_aDa=0_tmrExp(1)
-Err(ant)	|24| 00:43:36 ant: timer expired_aPe=0_aDa=56_antRead()_<<=56_= 20.10, 17.48_aSam_aPe=0_>>=3_<<(1)=4_aDep_aDa=0_aPe=1_aFr=0_aDW_aPe=1_aDa=0_aPe=1_aDa=0_tmrExp(1)
-Err(ant)	|25| 00:43:37 ant: timer expired_aPe=0_aDa=56_antRead()_<<=56_= 20.10, 17.15_aSam_aPe=0_>>=3_<<(1)=4_aDep_aDa=0_aPe=1_aFr=0_aDW_aPe=1_aDa=0_tmrExp(1)
-Err(ant)	|26| 00:43:38 ant: timer expired_aPe=0_aDa=56_antRead()_<<=56_= 20.10, 16.78_aSam_aPe=0_>>=3_<<(1)=4_aDep_aDa=0_aPe=1_aFr=0_aDW_aPe=1_aDa=0_aPe=1_aDa=0_tmrExp(1)
-Err(ant)	|27| 00:43:39 ant: timer expired_aPe=0_aDa=56_antRead()_<<=56_= 20.10, 16.49_aSam_aPe=0_>>=3_<<(1)=4_aDep_aDa=0_aPe=1_aFr=0_aDW_aPe=1_aDa=0_aPe=1_aDa=0_tmrExp(1)
-Err(ant)	|28| 00:43:40 ant: timer expired_aPe=0_aDa=56_antRead()_<<=56_= 20.10, 16.12_aSam_aPe=0_>>=3_<<(1)=4_aDep_aDa=0_aPe=1_aFr=0_aDW_aPe=1_aDa=0_tmrExp(1)
-Err(ant)	|29| 00:43:41 ant: timer expired_aPe=0_aDa=56_antRead()_<<=56_= 20.10, 15.79_aSam_aPe=0_>>=3_<<(1)=4_aDep_aDa=0_aPe=1_aFr=0_aDW_aPe=1_aDa=0_aPe=1_aDa=0_tmrExp(1)
-Err(ant)	|30| 00:43:42 ant: timer expired_aPe=0_aDa=56_antRead()_<<=56_= 20.10, 15.46_aSam_aPe=0_>>=3_<<(1)=4_aDep_aDa=0_aPe=1_aFr=0_aDW_aPe=1_aDa=0_tmrExp(1)
-Err(ant)	|31| 00:43:43 ant: timer expired_aPe=0_aDa=56_antRead()_<<=56_= 20.10, 15.13_aSam_aPe=0_>>=3_<<(1)=4_aDep_aDa=0_aPe=1_aFr=0_aDW_aPe=1_aDa=0_aPe=1_aDa=0_tmrExp(1)
-Err(ant)	|32| 00:43:44 ant: timer expired_aPe=0_aDa=56_antRead()_<<=56_= 20.10, 14.83_aSam_aPe=0_>>=3_<<(1)=4_aDep_aDa=0_aPe=1_aFr=0_aDW_aPe=1_aDa=0_aPe=1_aDa=0_tmrExp(1)
-Err(ant)	|33| 00:43:45 ant: timer expired_aPe=0_aDa=56_antRead()_<<=56_= 20.10, 14.47_aSam_aPe=0_>>=3_<<(1)=4_aDep_aDa=0_aPe=1_aFr=0_aDW_aPe=1_aDa=0_tmrExp(1)
-Err(ant)	|34| 00:43:46 ant: timer expired_aPe=0_aDa=56_antRead()_<<=56_= 20.10, 14.14_aSam_aPe=0_>>=3_<<(1)=4_aDep_aDa=0_aPe=1_aFr=0_aDW_aPe=1_aDa=0_aPe=1_aDa=0_tmrExp(1)
-Err(ant)	|35| 00:43:47 ant: timer expired_aPe=0_aDa=56_antRead()_<<=56_= 20.10, 13.84_aSam_aPe=0_>>=3_<<(1)=4_aDep_aDa=0_aPe=1_aFr=0_aDW_aPe=1_aDa=0_aPe=1_aDa=0_tmrExp(1)
-Err(ant)	|36| 00:43:48 ant: timer expired_aPe=0_aDa=56_antRead()_<<=56_= 20.10, 13.47_aSam_aPe=0_>>=3_<<(1)=4_aDep_aDa=0_aPe=1_aFr=0_aDW_aPe=1_aDa=0_tmrExp(1)
-Err(ant)	|37| 00:43:49 ant: timer expired_aPe=0_aDa=56_antRead()_<<=56_= 20.10, 13.14_aSam_aPe=0_>>=3_<<(1)=4_aDep_aDa=0_aPe=1_aFr=0_aDW_aPe=1_aDa=0_aPe=1_aDa=0_tmrExp(1)
-Err(ant)	|38| 00:43:50 ant: timer expired_aPe=0_aDa=56_antRead()_<<=56_= 20.10, 12.84_aSam_aPe=0_>>=3_<<(1)=4_aDep_aDa=0_aPe=1_aFr=0_aDW_aPe=1_aDa=0_aPe=1_aDa=0_tmrExp(1)
-Err(ant)	|39| 00:43:51 ant: timer expired_aPe=0_aDa=56_antRead()_<<=56_= 20.10, 12.48_aSam_aPe=0_>>=3_<<(1)=4_aDep_aDa=0_aPe=1_aFr=0_aDW_aPe=1_aDa=0_tmrExp(1)
-Err(ant)	|40| 00:43:52 ant: timer expired_aPe=0_aDa=56_antRead()_<<=56_= 20.10, 12.15_aSam_aPe=0_>>=3_<<(1)=4_aDep_aDa=0_aPe=1_aFr=0_aDW_aPe=1_aDa=0_aPe=1_aDa=0_tmrExp(1)
-Err(ant)	|41| 00:43:53 ant: timer expired_aPe=0_aDa=56_antRead()_<<=56_= 20.10, 11.82_aSam_aPe=0_>>=3_<<(1)=4_aDep_aDa=0_aPe=1_aFr=0_aDW_aPe=1_aDa=0_tmrExp(1)
-Err(ant)	|42| 00:43:54 ant: timer expired_aPe=0_aDa=15_antRead()_<<=56_= 20.10, 11.49_aSam_aPe=0_>>=3_<<(1)=4_aDep_aDa=0_aPe=1_aFr=0_aDW_aPe=1_aDa=0_aPe=1_aDa=0_tmrExp(1)
-Err(ant)	|43| 00:43:55 ant: timer expired_aPe=0_aDa=56_antRead()_<<=56_= 20.10, 11.19_aSam_aPe=0_>>=3_<<(1)=4_aDep_aDa=0_aPe=1_aFr=0_aDW_aPe=1_aDa=0_aPe=1_aDa=0_tmrExp(1)
-Err(ant)	|44| 00:43:56 ant: timer expired_aPe=0_aDa=56_antRead()_<<=56_= 20.10, 10.82_aSam_aPe=0_>>=3_<<(1)=4_aDep_aDa=0_aPe=1_aFr=0_aDW_aPe=1_aDa=0_tmrExp(1)
-Err(ant)	|45| 00:43:57 ant: timer expired_aPe=0_aDa=20_antRead()_<<=56_= 20.10, 10.49_aSam_aPe=0_>>=3_<<(1)=4_aDep_aDa=0_aPe=1_aFr=0_aDW_aPe=1_aDa=0_aPe=1_aDa=0_tmrExp(1)
-Err(ant)	|46| 00:43:58 ant: timer expired_aPe=0_aDa=56_antRead()_<<=56_= 20.10, 10.20_aSam_aPe=0_>>=3_<<(1)=4_aDep_aDa=0_aPe=1_aFr=0_aDW_aPe=1_aDa=0_aPe=1_aDa=0_tmrExp(1)
-Err(ant)	|47| 00:43:59 ant: timer expired_aPe=0_aDa=56_antRead()_<<=56_= 20.10, 9.83_aSam_aPe=0_>>=3_<<(1)=4
rise()	| reached targetD 9.8 at 00:43:59
+ngkSend(#S,01,00) at 00:43:59_>>=10_<<(6)=4_<<=8
+ngkRecv(%S,02,00)_>>=4 stopRsp 00:44:10
+ngkSend(#S,01,00) at 00:44:11_>>=10_<<(6)=4_<<=8
+ngkRecv(%S,02,00)_>>=4 stopRsp 00:44:22, stopCmd-->riseRsp_aDep_aDa=56_aDa=56_antRead()_<<=56_= 20.10, 9.50_aSam_aPe=0_>>=3_<<(1)=4_aPe=1_aFr=0_aDW_aPe=1_aDa=0_tmrExp(1)
-Err(ant)	|48| 00:44:23 ant: timer expired_aPe=0_aDa=0
	| rise fails at 9.5 m
	| oceanCurrChk() _ctdDepth()_cD_ctdFresh()_ctdSample()_ctdPrompt()_>>=1_utlExpect(S>, 5)_<<(1)=4_>>=6_<<(1)=7_cD_cD_cD_cD_cD_cD_cD_cD_cD_cD_cD_cD_cD_cD_cD_cD_cD_cD_cD_cD_cD_cD_cD_cD_cD_cD_cD_cD_cD_cD_cD_cD_cD_cD_cD_cD_cD_cD_cD_cD_cD_cD_cD_cD_cD_cD_cD_cD_cD_cD_cD_cD_cD_cD_cD_cD_cD_cD_cD_cD_cD_cD_cD_cD_cD_cD_cD_cD_cD_cD_cD_cD_cD_cD_cD_cD_cD_cD_cD_cD_cD_cD_cD_cD_cD_cD_cD_cD_cD_cD_cD_cD_cD_cD_cD_cD_cD_cD_cD_cD_cD_cD_cD_cD_cD_cD_cD_cD_cD_cD_cD_cD_cD_cD_cD_cD_cD_cD_cD_cD_cD_cD_cD_cD_cD_cD_cD_cD_cD_cD_cD_cD_cD_cD_cD_cD_cD_cD_cD_cD_cD_cD_cD_cD_cD_cD_cD_cD_cD_cD_cD_cD_cD_cD_cD_cD_cD_cD_cD_cD_cD_cD_cD_cD_cD_cD_cD_cD_cD_cD_cD_cD_cD_cD_cD_cD_cD_cD_cD_cD_cD_cD_cD_cD_cD_cD_cD_cD_cD_cD_cD_cD_cD_cD_cD_cD_cD_cD_cD_cD_cD_cD_cD_cD_cD_cD_cD_cD_cD_cD_cD_cD_cD_cD_ctdRead()_<<=80_= %4.2_aDep_aDa=56_aDa=56_antRead()_<<=56_= 20.10, 7.78_aSam_aPe=0_>>=3_<<(1)=4_aPe=1_aFr=0_aDW_aPe=1_aDa=0_aPe=1_aDa=0_tmrExp(1)
-Err(ant)	|49| 00:44:29 ant: timer expired_aPe=0_aDa=56_antRead()_<<=56_= 20.10, 7.78_aSam_aPe=0_>>=3_<<(1)=4_aD=7.78 cD=23.78 boy2ant=14.29
-Err()	|1| 00:44:29 oceanCurr invalid value
+rise(1.1)_aDep_aDa=0_aPe=1_aFr=0_aDW_tmrExp(1)
-Err(ant)	|50| 00:44:30 ant: timer expired_aPe=0_aDa=22_antRead()_<<=56_= 20.10, 7.78_aSam_aPe=0_>>=3_<<(1)=4
+ngkSend(#R,01,03) at 00:44:30_>>=10_<<(6)=4
rise()	| riseCmd to winch at 00:44:30_aDep_aDa=0_aPe=1_aFr=0_aDW_aPe=1_aDa=0_aPe=1_aDa=56_aDa=56_antRead()_<<=56_= 20.10, 7.78_aSam_aPe=0_>>=3_<<(1)=4_aDep_aDa=0_aPe=1_aFr=0_aDW_aPe=1_aDa=0_tmrExp(1)
-Err(ant)	|51| 00:44:32 ant: timer expired_aPe=0_aDa=56_antRead()_<<=56_= 20.10, 7.78_aSam_aPe=0_>>=3_<<(1)=4_aDep_aDa=0_aPe=1_aFr=0_aDW_aPe=1_aDa=0_aPe=1_aDa=0_tmrExp(1)
-Err(ant)	|52| 00:44:33 ant: timer expired_aPe=0_aDa=56_antRead()_<<=56_= 20.10, 7.78_aSam_aPe=0_>>=3_<<(1)=4_aDep_aDa=0_aPe=1_aFr=0_aDW_aPe=1_aDa=0_tmrExp(1)
-Err(ant)	|53| 00:44:34 ant: timer expired_aPe=0_aDa=22_antRead()_<<=56_= 20.10, 7.78_aSam_aPe=0_>>=3_<<(1)=4_aDep_aDa=0_aPe=1_aFr=0_aDW_aPe=1_aDa=0_aPe=1_aDa=0_tmrExp(1)
-Err(ant)	|54| 00:44:35 ant: timer expired_aPe=0_aDa=56_antRead()_<<=56_= 20.10, 7.78_aSam_aPe=0_>>=3_<<(1)=4_aDep_aDa=0_aPe=1_aFr=0_aDW_aPe=1_aDa=0_aPe=1_aDa=0_tmrExp(1)
-Err(ant)	|55| 00:44:36 ant: timer expired_aPe=0_aDa=56_antRead()_<<=56_= 20.10, 7.78_aSam_aPe=0_>>=3_<<(1)=4_aDep_aDa=0_aPe=1_aFr=0_aDW_aPe=1_aDa=0_tmrExp(1)
-Err(ant)	|56| 00:44:37 ant: timer expired_aPe=0_aDa=17_antRead()_<<=56_= 20.10, 7.48_aSam_aPe=0_>>=3_<<(1)=4_aDep_aDa=0_aPe=1_aFr=0_aDW_aPe=1_aDa=0_aPe=1_aDa=0_tmrExp(1)
-Err(ant)	|57| 00:44:38 ant: timer expired_aPe=0_aDa=56_antRead()_<<=56_= 20.10, 7.18_aSam_aPe=0_>>=3_<<(1)=4_aDep_aDa=0_aPe=1_aFr=0_aDW_aPe=1_aDa=0_aPe=1_aDa=0_tmrExp(1)
-Err(ant)	|58| 00:44:39 ant: timer expired_aPe=0_aDa=56_antRead()_<<=56_= 20.10, 6.82_aSam_aPe=0_>>=3_<<(1)=4_aDep_aDa=0_aPe=1_aFr=0_aDW_aPe=1_aDa=0_tmrExp(1)
-Err(ant)	|59| 00:44:40 ant: timer expired_aPe=0_aDa=17_antRead()_<<=56_= 20.10, 6.49_aSam_aPe=0_>>=3_<<(1)=4_aDep_aDa=0_aPe=1_aFr=0_aDW_aPe=1_aDa=0_aPe=1_aDa=0_tmrExp(1)
-Err(ant)	|60| 00:44:41 ant: timer expired_aPe=0_aDa=56_antRead()_<<=56_= 20.10, 6.19_aSam_aPe=0_>>=3_<<(1)=4_aDep_aDa=0_aPe=1_aFr=0_aDW_aPe=1_aDa=0_aPe=1_aDa=0_tmrExp(1)
-Err(ant)	|61| 00:44:42 ant: timer expired_aPe=0_aDa=56_antRead()_<<=56_= 20.10, 5.83_aSam_aPe=0_>>=3_<<(1)=4_<<=8
+ngkRecv(%R,02,00)_>>=4 riseRsp 00:44:42, riseRsp from winch_aDep_aDa=0_aPe=0_aSam_aPe=0_>>=3_<<(1)=60_aFr=0_aDW_aPe=1_aDa=0_aPe=1_aDa=0_aPe=1_aDa=0_aPe=1_aDa=56_aDa=56_antRead()_<<=56_= 20.10, 5.30_aSam_aPe=0_>>=3_<<(1)=4_aDep_aDa=0_aPe=1_aFr=0_aDW_aPe=1_aDa=0_aPe=1_aDa=0_aPe=1_aDa=56_aDa=56_antRead()_<<=56_= 20.10, 4.94_aSam_aPe=0_>>=3_<<(1)=4_aDep_aDa=0_aPe=1_aFr=0_aDW_aPe=1_aDa=0_aPe=1_aDa=0_aPe=1_aDa=56_aDa=56_antRead()_<<=56_= 20.10, 4.58_aSam_aPe=0_>>=3_<<(1)=4_aDep_aDa=0_aPe=1_aFr=0_aDW_aPe=1_aDa=0_aPe=1_aDa=0_aPe=1_aDa=56_aDa=56_antRead()_<<=56_= 20.10, 4.22_aSam_aPe=0_>>=3_<<(1)=4_aDep_aDa=0_aPe=1_aFr=0_aDW_aPe=1_aDa=0_aPe=1_aDa=0_tmrExp(1)
-Err(ant)	|62| 00:44:48 ant: timer expired_aPe=0_aDa=56_antRead()_<<=56_= 20.10, 3.86_aSam_aPe=0_>>=3_<<(1)=4_aDep_aDa=0_aPe=1_aFr=0_aDW_aPe=1_aDa=0_tmrExp(1)
-Err(ant)	|63| 00:44:49 ant: timer expired_aPe=0_aDa=56_antRead()_<<=56_= 20.10, 3.53_aSam_aPe=0_>>=3_<<(1)=4_aDep_aDa=0_aPe=1_aFr=0_aDW_aPe=1_aDa=0_aPe=1_aDa=0_tmrExp(1)
-Err(ant)	|64| 00:44:50 ant: timer expired_aPe=0_aDa=56_antRead()_<<=56_= 20.10, 3.24_aSam_aPe=0_>>=3_<<(1)=4_aDep_aDa=0_aPe=1_aFr=0_aDW_aPe=1_aDa=0_aPe=1_aDa=0_tmrExp(1)
-Err(ant)	|65| 00:44:51 ant: timer expired_aPe=0_aDa=56_antRead()_<<=56_= 20.10, 2.88_aSam_aPe=0_>>=3_<<(1)=4_tmrExp(2)_aDep_aDa=0_aPe=1_aFr=0_aDW_aPe=1_aDa=0_tmrExp(1)
-Err(ant)	|66| 00:44:52 ant: timer expired_aPe=0_aDa=56_antRead()_<<=56_= 20.10, 2.52_aSam_aPe=0_>>=3_<<(1)=4_aDep_aDa=0_aPe=1_aFr=0_aDW_aPe=1_aDa=0_aPe=1_aDa=0_tmrExp(1)
-Err(ant)	|67| 00:44:53 ant: timer expired_aPe=0_aDa=56_antRead()_<<=56_= 20.10, 2.23_aSam_aPe=0_>>=3_<<(1)=4_aDep_aDa=0_aPe=1_aFr=0_aDW_aPe=1_aDa=0_aPe=1_aDa=0_tmrExp(1)
-Err(ant)	|68| 00:44:54 ant: timer expired_aPe=0_aDa=56_antRead()_<<=56_= 20.10, 1.87_aSam_aPe=0_>>=3_<<(1)=4_aDep_aDa=0_aPe=1_aFr=0_aDW_aPe=1_aDa=0_tmrExp(1)
-Err(ant)	|69| 00:44:55 ant: timer expired_aPe=0_aDa=56_antRead()_<<=56_= 20.10, 1.54_aSam_aPe=0_>>=3_<<(1)=4_aDep_aDa=0_aPe=1_aFr=0_aDW_aPe=1_aDa=0_aPe=1_aDa=0_tmrExp(1)
-Err(ant)	|70| 00:44:56 ant: timer expired_aPe=0_aDa=56_antRead()_<<=56_= 20.10, 1.22_aSam_aPe=0_>>=3_<<(1)=4_aDep_aDa=0_aPe=1_aFr=0_aDW_aPe=1_aDa=0_aPe=1_aDa=0_tmrExp(1)
-Err(ant)	|71| 00:44:57 ant: timer expired_aPe=0_aDa=56_antRead()_<<=56_= 20.10, 1.14_aSam_aPe=0_>>=3_<<(1)=4_aDep_aDa=0_aPe=1_aFr=0_aDW_aPe=1_aDa=0_tmrExp(1)
-Err(ant)	|72| 00:44:58 ant: timer expired_aPe=0_aDa=56_antRead()_<<=56_= 20.10, 1.14_aSam_aPe=0_>>=3_<<(1)=4_aDep_aDa=0_aPe=1_aFr=0_aDW_aPe=1_aDa=0_aPe=1_aDa=0_tmrExp(1)
-Err(ant)	|73| 00:44:59 ant: timer expired_aPe=0_aDa=56_antRead()_<<=56_= 20.10, 1.59_aSam_aPe=0_>>=3_<<(1)=4_aDep_aDa=0_aPe=1_aFr=0_aDW_aPe=1_aDa=0_aPe=1_aDa=0_tmrExp(1)
-Err(ant)	|74| 00:45:00 ant: timer expired_aPe=0_aDa=56_antRead()_<<=56_= 20.10, 0.90_aSam_aPe=0_>>=3_<<(1)=4
rise()	| reached targetD 0.9 at 00:45:00
+ngkSend(#S,01,00) at 00:45:00_>>=10_<<(6)=14_<<=8
+ngkRecv(%S,02,00)_>>=4 stopRsp 00:45:16
+ngkSend(#S,01,00) at 00:45:16_>>=10_<<(6)=4_<<=8
+ngkRecv(%S,02,00)_>>=4 stopRsp 00:45:27, stopCmd-->riseRsp_aDep_aDa=56_aDa=56_antRead()_<<=56_= 20.10, 1.07_aSam_aPe=0_>>=3_<<(1)=4_aPe=1_aFr=0_aDW_tmrExp(1)
-Err(ant)	|75| 00:45:28 ant: timer expired_aPe=0_aDa=0 | fails at 1.1 m
!boyMain(): cycle 0 of 3

+iridPhase()@09-18--86 00:45:28
+gpsStart() 00:45:28_antDevice(cf2)MOMO}}}}mO_M_MmmmmmmmmMm}}O}}}mmm}}}}mO_M_MmMOMOO]]m_]M]Mmmm]Oo}}}}}}}mm__o}}}}}O}Omm__o}}}MO_Oo}}}}}}}}mm]_oM}OM}mm_Oo}}}}}}}}mmMOo}}}}}}}}MOMO_]MOOmO_MMMm]Oo}}}}}}}mm__o}}}mmO]o}mm_]o}}o}MMO_}o}}}M}}Omm_}o}}}}}}}mm_o}}}}O}}}mm_oOOOOM}}OMOMOM]OM]]MOOm_MO]O_m}}}Mm}moýïmß_o]mMÍýoÏÏÍÍÿOMooÝÍÝíMïÝo_ïÝÍÝß}í_ïMï]ï_MÏ]ï]moMOMO]OmMM_]O_]mm]Oo}}}}}}}MO}}}}}}}}mm}}}}m}}}}m}}}}m}m}}}m}}}Om}}}}m}}}}mMO}}}}}}}}mm}}}}m}}}}m}}m}}}}m}}}}mO}mM}}mO}MmMO}}}}}}}mmM}}Om}}}}m}}}}m}}Mm}MMm}}Mm}MMm}}MmMO}}}}}}}mm}MMm}}Mm}MMm}}O}m}MMm}}Mm}MMm}}MmMOMOMO_]MOOmM]M]mmMo}}}}}O}OMO}}}}}OOmm}}Mm}}}}m}}}}m}}}}m}}}}m}}}}m}}}}m}}}}mMO}}}}}OOmm}}}}m}}}}m}}}}m}}}}m}}O}m}}}}m}}}}m}}}}mMO}}}}}O}Omm}}}m}}}}m}}}m}}}m}}}mM}}Om}}}m}}}}mMO}}}}}O}Omm}}}}mO}}}mOOOOmM}}Om}}}}mOOOm}}}}m}}}}mMO}}}}}OMOmm}}}}m}}}Mm}}}m}}}}m}}}}mO}}}mOOOOmM}}OmMO}}}}}OOOmm}}}}m}}OOm}}}}m}}}}m}}}}m}}}Mm}}}m}}}}mMO}}}}}OOOmm}}}}mO}}}mOOOOmM}}Om}}}}m}}OOm}}}}m}}}}mMO}}}}}OMOmm}}}}m}}}Mm}}}m}}}}m}}}}mO}}}mOOOOmM}}OmMOMO}}}mMO_Mmm]oOoMmm_O]mm}}oo}oo}oooooo}oo}oooooo}ooMOMO}}}m_M_M]]MOOmMOMO
pc 22

Pin 22 [I/O OUT] = 0pc 26

Pin 26 [I/O OUT] = 0pc 37

Pin 37 [I/O OUT] = 0pc 42

Pin 42 [I/O OUT] = 0
C:\>set
DBG0=0
SYS.QPBC=32
BOY.CYCLEMAX=3
DBG1=1
DBGX=1
SHUTDOWN=user quit

C:\>
###MX Load: CRC 010000 021361 = 697F6218
Gs boy
Saving 70498 bytes to BOY.PXE...

C:\>boy

 press ' ' ([space]) to exit into picoDOS 
You have 10 seconds  9  8 
startCheck(): starts 1, max 50
+logInit(SYS.LOG)
---   ---
Program: sys.c,  Build: Jun  6 2018 20:11:12
System Parameters: CF2 SN 12997, PicoDOS 4.03, BIOS 4.03
Program:   Version:   Starts: 1
Started: 09-18--86 00:54:13
---   ---
+cfgDefault()
cfgRead(SYS.CFG)	| file not found
+cfgVee()
VEE: BOY.CYCLEMAX=3
16000kHz nsF:90 nsR:70 nsC:190 adj:-10 WF:0  WR:0  WC:2  SYPCR:13
+antInit()
+boyInit()
+utlLogFile(boy)_(log\boy.log)
+ctdInit()
+mpcPamDev(4)
+ctdAuton(0)_ctdPrompt()_>>=1_utlExpect(S>, 5)_<<(1)=14_>>=5_<<(1)=8_ctdPrompt()_>>=1_utlExpect(S>, 5)_<<(1)=4_>>=22_<<(1)=25_>>=24_<<(1)=27
+utlLogFile(ctd)_(log\ctd.log)
+mpcPamDev(0)
+ngkInit()
+wspInit()
+utlLogFile(wsp)_(log\wsp.log)
boyMain(): starting with phase 0
!boyMain(): cycle 0 of 3

+antStart() 09-18--86 00:54:16_antDevice(cf2)_utlExpect(ok, 6)_tmrExp(11)
+utlExpect(ok, 6) timeout_->''_
+antRingReset()_antPrompt()_>>=1_<<(1)=13_>>=24_<<(1)=38_antAutoSample_antPrompt()_>>=1_<<(1)=15_>>=3_<<(1)=4_tmrExp(1)
-Err(ant)	|0| 00:54:26 ant: timer expired
+deployPhase()@09-18--86 00:54:26 0.00m_<<=56_>>=3_<<(1)=4_tmrExp(1)
-Err(ant)	|1| 00:54:27 ant: timer expired_<<=56_>>=3_<<(1)=4
deployPhase() at 1.37m_utlNap(30)_<<=56_>>=3_<<(1)=4_tmrExp(1)
-Err(ant)	|2| 00:54:58 ant: timer expired
deployPhase() at 1.28m_utlNap(30)_<<=56_>>=3_<<(1)=4_tmrExp(1)
-Err(ant)	|3| 00:55:29 ant: timer expired
deployPhase() at 0.83m_utlNap(30)_<<=56_>>=3_<<(1)=4_tmrExp(1)
-Err(ant)	|4| 00:56:00 ant: timer expired_<<=56_>>=3_<<(1)=4
deployPhase() at 8.88m_utlNap(30)_<<=56_>>=3_<<(1)=4_tmrExp(1)
-Err(ant)	|5| 00:56:31 ant: timer expired
deployPhase() at 9.05m_utlNap(30)_<<=56_>>=3_<<(1)=4_tmrExp(1)
-Err(ant)	|6| 00:57:02 ant: timer expired
	| 15.12m>10 so wait until not moving
_utlNap(120)_<<=119_antPrompt()_>>=1_<<(1)=13_>>=3_<<(1)=4_tmrExp(1)
-Err(ant)	|7| 00:59:04 ant: timer expired_<<=56_>>=3_<<(1)=4_utlNap(15)_<<=56_>>=3_<<(1)=4_tmrExp(1)
-Err(ant)	|8| 00:59:20 ant: timer expired_>>=3_<<(1)=7_<<=56_>>=3_<<(1)=4
	| boy.dockD = 24.00
	| go to surface, call home_utlNap(10)
!boyMain(): cycle 0 of 3

+risePhase()@09-18--86 00:59:31
+antStart() 09-18--86 00:59:31_antDevice(cf2)_utlExpect(ok, 6)_tmrExp(11)
+utlExpect(ok, 6) timeout_->''_
+antRingReset()_antPrompt()_>>=1_<<(1)=15_>>=24_<<(1)=38
+mpcPamDev(4)
	| oceanCurrChk() _ctdDepth()_cD_ctdFresh()_ctdSample()_ctdPrompt()_>>=1_utlExpect(S>, 5)_<<(1)=14_>>=6_<<(1)=7_cD_cD_cD_cD_cD_cD_cD_cD_cD_cD_cD_cD_cD_cD_cD_cD_cD_cD_cD_cD_cD_cD_cD_cD_cD_cD_cD_cD_cD_cD_cD_cD_cD_cD_cD_cD_cD_cD_cD_cD_cD_cD_cD_cD_cD_cD_cD_cD_cD_cD_cD_cD_cD_cD_cD_cD_cD_cD_cD_cD_cD_cD_cD_cD_cD_cD_cD_cD_cD_cD_cD_cD_cD_cD_cD_cD_cD_cD_cD_cD_cD_cD_cD_cD_cD_cD_cD_cD_cD_cD_cD_cD_cD_cD_cD_cD_cD_cD_cD_cD_cD_cD_cD_cD_cD_cD_cD_cD_cD_cD_cD_cD_cD_cD_cD_cD_cD_cD_cD_cD_cD_cD_cD_cD_cD_cD_cD_cD_cD_cD_cD_cD_cD_cD_cD_cD_cD_cD_cD_cD_cD_cD_cD_cD_cD_cD_cD_cD_cD_cD_cD_cD_cD_cD_cD_cD_cD_cD_cD_cD_cD_cD_cD_cD_cD_cD_cD_cD_cD_cD_cD_cD_cD_cD_cD_cD_cD_cD_cD_cD_cD_cD_cD_cD_cD_cD_cD_cD_cD_cD_cD_cD_cD_cD_cD_cD_cD_cD_cD_cD_cD_cD_cD_cD_cD_cD_cD_cD_cD_ctdRead()_<<=80_= %4.2_antPrompt()_>>=1_<<(1)=15_>>=3_<<(1)=4_tmrExp(1)
-Err(ant)	|9| 00:59:46 ant: timer expired_<<=56_>>=3_<<(1)=4_aD=24.00 cD=40.00 boy2ant=14.29
-Err()	|0| 00:59:46 oceanCurr invalid value
+rise(10.0)_<<=56_>>=3_<<(1)=4
+ngkSend(#R,01,03) at 00:59:47_>>=10_<<(6)=4
rise()	| riseCmd to winch at 00:59:47_<<=56_>>=3_<<(1)=4_<<=56_>>=3_<<(1)=4_<<=56_>>=3_<<(1)=4_tmrExp(1)
-Err(ant)	|10| 00:59:50 ant: timer expired_>>=3_<<(1)=5_<<=56_>>=3_<<(1)=4_<<=56_>>=3_<<(1)=4_<<=56_>>=3_<<(1)=4_<<=56_>>=3_<<(1)=4_tmrExp(1)
-Err(ant)	|11| 00:59:54 ant: timer expired_>>=3_<<(1)=60_tmrExp(1)
-Err(ant)	|12| 00:59:55 ant: timer expired_<<=56_>>=3_<<(1)=4_<<=56_>>=3_<<(1)=4_<<=56_>>=3_<<(1)=4_<<=56_>>=3_<<(1)=4_<<=56_>>=3_<<(1)=4_<<=8
+ngkRecv(%R,02,00)_>>=4 riseRsp 00:59:59, riseRsp from winch_>>=3_<<(1)=60_tmrExp(1)
-Err(ant)	|13| 01:00:00 ant: timer expired_<<=56_>>=3_<<(1)=4_<<=56_>>=3_<<(1)=4_<<=56_>>=3_<<(1)=4_<<=56_>>=3_<<(1)=4_<<=56_>>=3_<<(1)=4_tmrExp(1)
-Err(ant)	|14| 01:00:04 ant: timer expired_>>=3_<<(1)=6_<<=56_>>=3_<<(1)=4_<<=56_>>=3_<<(1)=4_<<=56_>>=3_<<(1)=4_<<=56_>>=3_<<(1)=4_tmrExp(2)_<<=56_>>=3_<<(1)=4_tmrExp(1)
-Err(ant)	|15| 01:00:09 ant: timer expired_>>=3_<<(1)=60_tmrExp(1)
-Err(ant)	|16| 01:00:10 ant: timer expired_<<=56_>>=3_<<(1)=4_<<=56_>>=3_<<(1)=4_<<=56_>>=3_<<(1)=4_<<=56_>>=3_<<(1)=4_<<=56_>>=3_<<(1)=4_tmrExp(1)
-Err(ant)	|17| 01:00:14 ant: timer expired_>>=3_<<(1)=60_tmrExp(1)
-Err(ant)	|18| 01:00:15 ant: timer expired_<<=56_>>=3_<<(1)=4_<<=56_>>=3_<<(1)=4_<<=56_>>=3_<<(1)=4_<<=56_>>=3_<<(1)=4_<<=56_>>=3_<<(1)=4_tmrExp(1)
-Err(ant)	|19| 01:00:19 ant: timer expired_>>=3_<<(1)=60_<<=56_>>=3_<<(1)=4_<<=56_>>=3_<<(1)=4_<<=56_>>=3_<<(1)=4_<<=56_>>=3_<<(1)=4_<<=56_>>=3_<<(1)=4_tmrExp(1)
-Err(ant)	|20| 01:00:24 ant: timer expired_>>=3_<<(1)=60_tmrExp(1)
-Err(ant)	|21| 01:00:25 ant: timer expired_<<=56_>>=3_<<(1)=4_<<=56_>>=3_<<(1)=4_<<=56_>>=3_<<(1)=4_<<=56_>>=3_<<(1)=4_<<=56_>>=3_<<(1)=4_tmrExp(1)
-Err(ant)	|22| 01:00:29 ant: timer expired_>>=3_<<(1)=60_tmrExp(1)
-Err(ant)	|23| 01:00:30 ant: timer expired_<<=56_>>=3_<<(1)=4_<<=56_>>=3_<<(1)=4_<<=56_>>=3_<<(1)=4_<<=56_>>=3_<<(1)=4_<<=56_>>=3_<<(1)=4_tmrExp(1)
-Err(ant)	|24| 01:00:34 ant: timer expired_>>=3_<<(1)=60_<<=56_>>=3_<<(1)=4_<<=56_>>=3_<<(1)=4
rise()	| reached targetD 9.8 at 01:00:36
+ngkSend(#S,01,00) at 01:00:36_>>=10_<<(6)=4_<<=8
+ngkRecv(%S,02,00)_>>=4 stopRsp 01:00:47
+ngkSend(#S,01,00) at 01:00:47_>>=10_<<(6)=4_<<=8
+ngkRecv(%S,02,00)_>>=4 stopRsp 01:00:58, stopCmd-->riseRsp_<<=56_>>=3_<<(1)=4_<<=56_>>=3_<<(1)=4
	| rise fails at 7.8 m
	| oceanCurrChk() _ctdDepth()_cD_ctdFresh()_ctdSample()_ctdPrompt()_>>=1_utlExpect(S>, 5)_<<(1)=4_>>=6_<<(1)=7_cD_cD_cD_cD_cD_cD_cD_cD_cD_cD_cD_cD_cD_cD_cD_cD_cD_cD_cD_cD_cD_cD_cD_cD_cD_cD_cD_cD_cD_cD_cD_cD_cD_cD_cD_cD_cD_cD_cD_cD_cD_cD_cD_cD_cD_cD_cD_cD_cD_cD_cD_cD_cD_cD_cD_cD_cD_cD_cD_cD_cD_cD_cD_cD_cD_cD_cD_cD_cD_cD_cD_cD_cD_cD_cD_cD_cD_cD_cD_cD_cD_cD_cD_cD_cD_cD_cD_cD_cD_cD_cD_cD_cD_cD_cD_cD_cD_cD_cD_cD_cD_cD_cD_cD_cD_cD_cD_cD_cD_cD_cD_cD_cD_cD_cD_cD_cD_cD_cD_cD_cD_cD_cD_cD_cD_cD_cD_cD_cD_cD_cD_cD_cD_cD_cD_cD_cD_cD_cD_cD_cD_cD_cD_cD_cD_cD_cD_cD_cD_cD_cD_cD_cD_cD_cD_cD_cD_cD_cD_cD_cD_cD_cD_cD_cD_cD_cD_cD_cD_cD_cD_cD_cD_cD_cD_cD_cD_cD_cD_cD_cD_cD_cD_cD_cD_cD_cD_cD_cD_cD_cD_cD_cD_cD_cD_cD_cD_cD_cD_cD_cD_cD_cD_cD_cD_cD_cD_cD_cD_cD_cD_cD_cD_ctdRead()_<<=80_= %4.2_<<=56_>>=3_<<(1)=4_<<=56_>>=3_<<(1)=4_aD=7.77 cD=23.77 boy2ant=14.29
-Err()	|1| 01:01:06 oceanCurr invalid value
+rise(1.1)_<<=56_>>=3_<<(1)=4
+ngkSend(#R,01,03) at 01:01:07_>>=10_<<(6)=4
rise()	| riseCmd to winch at 01:01:07_<<=56_>>=3_<<(1)=4_<<=56_>>=3_<<(1)=4_<<=56_>>=3_<<(1)=4_tmrExp(1)
-Err(ant)	|25| 01:01:10 ant: timer expired_>>=3_<<(1)=60_<<=56_>>=3_<<(1)=4_<<=56_>>=3_<<(1)=4_<<=56_>>=3_<<(1)=4_<<=56_>>=3_<<(1)=4_<<=56_>>=3_<<(1)=4_tmrExp(1)
-Err(ant)	|26| 01:01:15 ant: timer expired_>>=3_<<(1)=60_tmrExp(1)
-Err(ant)	|27| 01:01:16 ant: timer expired_<<=56_>>=3_<<(1)=4_<<=56_>>=3_<<(1)=4_<<=56_>>=3_<<(1)=4_<<=56_>>=3_<<(1)=4_<<=8
+ngkRecv(%R,02,00)_>>=4 riseRsp 01:01:19, riseRsp from winch_>>=3_<<(1)=60_tmrExp(1)
-Err(ant)	|28| 01:01:20 ant: timer expired_<<=56_>>=3_<<(1)=4_<<=56_>>=3_<<(1)=4_<<=56_>>=3_<<(1)=4_<<=56_>>=3_<<(1)=4_<<=56_>>=3_<<(1)=4_<<=56_>>=3_<<(1)=4_tmrExp(1)
-Err(ant)	|29| 01:01:25 ant: timer expired_>>=3_<<(1)=11_<<=56_>>=3_<<(1)=4_<<=56_>>=3_<<(1)=4_<<=56_>>=3_<<(1)=4_tmrExp(2)_<<=56_>>=3_<<(1)=4_<<=56_>>=3_<<(1)=4_tmrExp(1)
-Err(ant)	|30| 01:01:30 ant: timer expired_>>=3_<<(1)=60_tmrExp(1)
-Err(ant)	|31| 01:01:31 ant: timer expired_<<=56_>>=3_<<(1)=4_<<=56_>>=3_<<(1)=4_<<=56_>>=3_<<(1)=4_<<=56_>>=3_<<(1)=4
rise()	| reached targetD 0.9 at 01:01:34
+ngkSend(#S,01,00) at 01:01:34_>>=10_<<(6)=4_<<=10
+ngkRecv(#S,02,00

)_>>=4 stopCmd 01:01:45
+ngkSend(#S,01,00) at 01:01:45_>>=10_<<(6)=8
	| ngkSend() amodem bad response '%S,02,00'_tmrExp(12), stopCmd-->riseRsp_<<=56_>>=3_<<(1)=4_<<=56_>>=3_<<(1)=4 | fails at 1.3 m
!boyMain(): cycle 0 of 3

+iridPhase()@09-18--86 01:02:08
+gpsStart() 01:02:08_antDevice(cf2)

<<<< CRASH >>>>  (saved @ 0xB000)  <<<< CRASH >>>>

CPU STATE:   PC.00E2E108  SS.0000FF90  SR.2000
D0.00002000  D1.000000FF  D2.00000000  D3.000CEC05
D4.00000000  D5.00000001  D6.00000001  D7.00E00001
A0.00000000  A1.000280A6  A2.9828A88F  A3.0001ECC2
A4.000077D2  A5.0001ECC2  A6.000188AC  A7.0000FF90
VB.00000000  US.A646C2A4  SF.00000005  DF.00000005

STACK FRAME: PC.00E2E108  SR.2000  FT.C  VT.00C/03
S0.9828A89D  S1.9828A88F  S2.00E2E108  S3.000D0055

EXCEPTION VECTOR: 0x03 = "AERR"

PC HISTORY:  PC.00E2E108
00E2E0E8  FE0A 0181 31C1 FE0A 026A FFFE 000E 261F 
00E2E0F8  245F 4E75 2F0A 554F 206F 000A 2468 0004 
00E2E108  302A 000E 0240 0002 670E 7000 6072 4A2F 
00E2E118  0010 6604 7000 6068 4A6A 002C 67F0 302A 


STACK DUMP:  A7.0000FF90
0000FF70  47DA 000F 2368 0002 09CC 00E3 3332 0000 
0000FF80  FF88 0000 FF86 9338 9828 A890 0003 0D40 
0000FF90  2000 00E2 E108 C00C 9828 A89D 9828 A88F 
0000FFA0  00E2 E108 000D 0055 0002 0000 6A74 0001 
0000FFB0  E58E 0000 0000 0003 007C 0198 0001 A71A 
0000FFC0  0002 0742 0002 3398 0001 9E2E 000C EC9E 
0000FFD0  0000 0000 0000 0001 0001 E3AE 0001 8A4E 
0000FFE0  0001 0000 6A74 0001 0000 0001 0000 00E2 

<<< MORE? (Y/N/A) [N] >>> 10..9..8..7..6..5..4..3..2..1..

<<< RESETTING >>>


pc 22

Pin 22 [I/O OUT] = 0pc 26

Pin 26 [I/O OUT] = 0pc 37

Pin 37 [I/O OUT] = 0pc 42

Pin 42 [I/O OUT] = 0
C:\>
